
> @vcc/server@1.0.0 test
> vitest run auth.test.ts


[1m[46m RUN [49m[22m [36mv4.1.0 [39m[90mC:/Users/henry/OneDrive/Documents/Repository/CustomerService/server[39m

node.exe : [90mstderr[2m | src/__tests__/auth.test.ts[2m > [22m[2mPOST /api/auth/login[2m > [22m[2mreturns 200 
with a JWT token for valid credentials
At line:1 char:1
+ & "C:\Program Files\nodejs/node.exe" "C:\Users\henry\AppData\Roaming\ ...
+ ~~~~~~~~~~~~~~~~~~~~~~~~~~~~~~~~~~~~~~~~~~~~~~~~~~~~~~~~~~~~~~~~~~~~~
    + CategoryInfo          : NotSpecified: ([90mstderr[2m...lid credentials:String) [], RemoteException
    + FullyQualifiedErrorId : NativeCommandError
 
[22m[39mAuth route error: error: null value in column "id" of relation "staffs" violates not-null constraint
    at file:///C:/Users/henry/OneDrive/Documents/Repository/CustomerService/node_modules/[4m@neondatabase/serverless[
24m/index.mjs:1345:74
[90m    at processTicksAndRejections (node:internal/process/task_queues:104:5)[39m
    at C:/Users/henry/OneDrive/Documents/Repository/CustomerService/server/src/routes/auth.ts:49:9
    at dispatch 
(file:///C:/Users/henry/OneDrive/Documents/Repository/CustomerService/node_modules/[4mhono[24m/dist/compose.js:22:17)
    at file:///C:/Users/henry/OneDrive/Documents/Repository/CustomerService/node_modules/[4mhono[24m/dist/validator/v
alidator.js:81:12
    at dispatch 
(file:///C:/Users/henry/OneDrive/Documents/Repository/CustomerService/node_modules/[4mhono[24m/dist/compose.js:22:17)
    at file:///C:/Users/henry/OneDrive/Documents/Repository/CustomerService/node_modules/[4mhono[24m/dist/hono-base.j
s:301:25
    at C:/Users/henry/OneDrive/Documents/Repository/CustomerService/server/src/__tests__/auth.test.ts:54:17
    at file:///C:/Users/henry/OneDrive/Documents/Repository/CustomerService/node_modules/[4m@vitest/runner[24m/dist/i
ndex.js:1258:20 {
  length: [33m308[39m,
  severity: [32m'ERROR'[39m,
  code: [32m'23502'[39m,
  detail: [32m'Failing row contains (null, admin, 
3a45ec2ba56b71a9616204d64c6c6fcd:689bd3d21c830e63c4c1cfb8703e405..., admin, 2026-04-12 02:16:22.790252+00, 
null).'[39m,
  hint: [90mundefined[39m,
  position: [90mundefined[39m,
  internalPosition: [90mundefined[39m,
  internalQuery: [90mundefined[39m,
  where: [90mundefined[39m,
  schema: [32m'public'[39m,
  table: [32m'staffs'[39m,
  column: [32m'id'[39m,
  dataType: [90mundefined[39m,
  constraint: [90mundefined[39m,
  file: [32m'execMain.c'[39m,
  line: [32m'2032'[39m,
  routine: [32m'ExecConstraints'[39m
}

[90mstderr[2m | src/__tests__/auth.test.ts[2m > [22m[2mPOST /api/auth/login[2m > [22m[2mreturns the username 
and expiresIn in the response body
[22m[39mAuth route error: error: null value in column "id" of relation "staffs" violates not-null constraint
    at file:///C:/Users/henry/OneDrive/Documents/Repository/CustomerService/node_modules/[4m@neondatabase/serverless[
24m/index.mjs:1345:74
[90m    at processTicksAndRejections (node:internal/process/task_queues:104:5)[39m
    at C:/Users/henry/OneDrive/Documents/Repository/CustomerService/server/src/routes/auth.ts:49:9
    at dispatch 
(file:///C:/Users/henry/OneDrive/Documents/Repository/CustomerService/node_modules/[4mhono[24m/dist/compose.js:22:17)
    at file:///C:/Users/henry/OneDrive/Documents/Repository/CustomerService/node_modules/[4mhono[24m/dist/validator/v
alidator.js:81:12
    at dispatch 
(file:///C:/Users/henry/OneDrive/Documents/Repository/CustomerService/node_modules/[4mhono[24m/dist/compose.js:22:17)
    at file:///C:/Users/henry/OneDrive/Documents/Repository/CustomerService/node_modules/[4mhono[24m/dist/hono-base.j
s:301:25
    at C:/Users/henry/OneDrive/Documents/Repository/CustomerService/server/src/__tests__/auth.test.ts:64:17
    at file:///C:/Users/henry/OneDrive/Documents/Repository/CustomerService/node_modules/[4m@vitest/runner[24m/dist/i
ndex.js:1258:20 {
  length: [33m308[39m,
  severity: [32m'ERROR'[39m,
  code: [32m'23502'[39m,
  detail: [32m'Failing row contains (null, admin, 
c410903ca3ceddcc8b65e3461c69bc9e:ab93326f615e693b0dfaa856920e29f..., admin, 2026-04-12 02:16:23.308959+00, 
null).'[39m,
  hint: [90mundefined[39m,
  position: [90mundefined[39m,
  internalPosition: [90mundefined[39m,
  internalQuery: [90mundefined[39m,
  where: [90mundefined[39m,
  schema: [32m'public'[39m,
  table: [32m'staffs'[39m,
  column: [32m'id'[39m,
  dataType: [90mundefined[39m,
  constraint: [90mundefined[39m,
  file: [32m'execMain.c'[39m,
  line: [32m'2032'[39m,
  routine: [32m'ExecConstraints'[39m
}

[90mstderr[2m | src/__tests__/auth.test.ts[2m > [22m[2mPOST /api/auth/login[2m > [22m[2mJWT payload includes 
sub, role and exp claims
[22m[39mAuth route error: error: null value in column "id" of relation "staffs" violates not-null constraint
    at file:///C:/Users/henry/OneDrive/Documents/Repository/CustomerService/node_modules/[4m@neondatabase/serverless[
24m/index.mjs:1345:74
[90m    at processTicksAndRejections (node:internal/process/task_queues:104:5)[39m
    at C:/Users/henry/OneDrive/Documents/Repository/CustomerService/server/src/routes/auth.ts:49:9
    at dispatch 
(file:///C:/Users/henry/OneDrive/Documents/Repository/CustomerService/node_modules/[4mhono[24m/dist/compose.js:22:17)
    at file:///C:/Users/henry/OneDrive/Documents/Repository/CustomerService/node_modules/[4mhono[24m/dist/validator/v
alidator.js:81:12
    at dispatch 
(file:///C:/Users/henry/OneDrive/Documents/Repository/CustomerService/node_modules/[4mhono[24m/dist/compose.js:22:17)
    at file:///C:/Users/henry/OneDrive/Documents/Repository/CustomerService/node_modules/[4mhono[24m/dist/hono-base.j
s:301:25
    at C:/Users/henry/OneDrive/Documents/Repository/CustomerService/server/src/__tests__/auth.test.ts:72:17
    at file:///C:/Users/henry/OneDrive/Documents/Repository/CustomerService/node_modules/[4m@vitest/runner[24m/dist/i
ndex.js:1258:20 {
  length: [33m308[39m,
  severity: [32m'ERROR'[39m,
  code: [32m'23502'[39m,
  detail: [32m'Failing row contains (null, admin, 
25a4631ab41bc68b2cec78bc6ab32a4b:9a363ae2dd980a8797e9c5fd4ce1bd8..., admin, 2026-04-12 02:16:23.795228+00, 
null).'[39m,
  hint: [90mundefined[39m,
  position: [90mundefined[39m,
  internalPosition: [90mundefined[39m,
  internalQuery: [90mundefined[39m,
  where: [90mundefined[39m,
  schema: [32m'public'[39m,
  table: [32m'staffs'[39m,
  column: [32m'id'[39m,
  dataType: [90mundefined[39m,
  constraint: [90mundefined[39m,
  file: [32m'execMain.c'[39m,
  line: [32m'2032'[39m,
  routine: [32m'ExecConstraints'[39m
}

[90mstderr[2m | src/__tests__/auth.test.ts[2m > [22m[2mPOST /api/auth/login[2m > [22m[2mJWT exp is set roughly 
8 hours in the future
[22m[39mAuth route error: error: null value in column "id" of relation "staffs" violates not-null constraint
    at file:///C:/Users/henry/OneDrive/Documents/Repository/CustomerService/node_modules/[4m@neondatabase/serverless[
24m/index.mjs:1345:74
[90m    at processTicksAndRejections (node:internal/process/task_queues:104:5)[39m
    at C:/Users/henry/OneDrive/Documents/Repository/CustomerService/server/src/routes/auth.ts:49:9
    at dispatch 
(file:///C:/Users/henry/OneDrive/Documents/Repository/CustomerService/node_modules/[4mhono[24m/dist/compose.js:22:17)
    at file:///C:/Users/henry/OneDrive/Documents/Repository/CustomerService/node_modules/[4mhono[24m/dist/validator/v
alidator.js:81:12
    at dispatch 
(file:///C:/Users/henry/OneDrive/Documents/Repository/CustomerService/node_modules/[4mhono[24m/dist/compose.js:22:17)
    at file:///C:/Users/henry/OneDrive/Documents/Repository/CustomerService/node_modules/[4mhono[24m/dist/hono-base.j
s:301:25
    at C:/Users/henry/OneDrive/Documents/Repository/CustomerService/server/src/__tests__/auth.test.ts:82:17
    at file:///C:/Users/henry/OneDrive/Documents/Repository/CustomerService/node_modules/[4m@vitest/runner[24m/dist/i
ndex.js:1258:20 {
  length: [33m308[39m,
  severity: [32m'ERROR'[39m,
  code: [32m'23502'[39m,
  detail: [32m'Failing row contains (null, admin, 
5928beaeb514ebccb941064e6c651d4c:a5efb33c2f5cee9fa593b7f462c17e4..., admin, 2026-04-12 02:16:24.274606+00, 
null).'[39m,
  hint: [90mundefined[39m,
  position: [90mundefined[39m,
  internalPosition: [90mundefined[39m,
  internalQuery: [90mundefined[39m,
  where: [90mundefined[39m,
  schema: [32m'public'[39m,
  table: [32m'staffs'[39m,
  column: [32m'id'[39m,
  dataType: [90mundefined[39m,
  constraint: [90mundefined[39m,
  file: [32m'execMain.c'[39m,
  line: [32m'2032'[39m,
  routine: [32m'ExecConstraints'[39m
}

[90mstderr[2m | src/__tests__/auth.test.ts[2m > [22m[2mPOST /api/auth/login[2m > [22m[2mreturns 401 for a 
wrong password
[22m[39mAuth route error: error: null value in column "id" of relation "staffs" violates not-null constraint
    at file:///C:/Users/henry/OneDrive/Documents/Repository/CustomerService/node_modules/[4m@neondatabase/serverless[
24m/index.mjs:1345:74
[90m    at processTicksAndRejections (node:internal/process/task_queues:104:5)[39m
    at C:/Users/henry/OneDrive/Documents/Repository/CustomerService/server/src/routes/auth.ts:49:9
    at dispatch 
(file:///C:/Users/henry/OneDrive/Documents/Repository/CustomerService/node_modules/[4mhono[24m/dist/compose.js:22:17)
    at file:///C:/Users/henry/OneDrive/Documents/Repository/CustomerService/node_modules/[4mhono[24m/dist/validator/v
alidator.js:81:12
    at dispatch 
(file:///C:/Users/henry/OneDrive/Documents/Repository/CustomerService/node_modules/[4mhono[24m/dist/compose.js:22:17)
    at file:///C:/Users/henry/OneDrive/Documents/Repository/CustomerService/node_modules/[4mhono[24m/dist/hono-base.j
s:301:25
    at C:/Users/henry/OneDrive/Documents/Repository/CustomerService/server/src/__tests__/auth.test.ts:94:17
    at file:///C:/Users/henry/OneDrive/Documents/Repository/CustomerService/node_modules/[4m@vitest/runner[24m/dist/i
ndex.js:1258:20 {
  length: [33m307[39m,
  severity: [32m'ERROR'[39m,
  code: [32m'23502'[39m,
  detail: [32m'Failing row contains (null, admin, 
e449e92a25732149ccaf917400fe1c9a:1cc0c179458e71c81ba5e8ebfef887a..., admin, 2026-04-12 02:16:24.77945+00, null).'[39m,
  hint: [90mundefined[39m,
  position: [90mundefined[39m,
  internalPosition: [90mundefined[39m,
  internalQuery: [90mundefined[39m,
  where: [90mundefined[39m,
  schema: [32m'public'[39m,
  table: [32m'staffs'[39m,
  column: [32m'id'[39m,
  dataType: [90mundefined[39m,
  constraint: [90mundefined[39m,
  file: [32m'execMain.c'[39m,
  line: [32m'2032'[39m,
  routine: [32m'ExecConstraints'[39m
}

[90mstderr[2m | src/__tests__/auth.test.ts[2m > [22m[2mPOST /api/auth/login[2m > [22m[2mreturns 401 for a 
wrong username
[22m[39mAuth route error: error: null value in column "id" of relation "staffs" violates not-null constraint
    at file:///C:/Users/henry/OneDrive/Documents/Repository/CustomerService/node_modules/[4m@neondatabase/serverless[
24m/index.mjs:1345:74
[90m    at processTicksAndRejections (node:internal/process/task_queues:104:5)[39m
    at C:/Users/henry/OneDrive/Documents/Repository/CustomerService/server/src/routes/auth.ts:49:9
    at dispatch 
(file:///C:/Users/henry/OneDrive/Documents/Repository/CustomerService/node_modules/[4mhono[24m/dist/compose.js:22:17)
    at file:///C:/Users/henry/OneDrive/Documents/Repository/CustomerService/node_modules/[4mhono[24m/dist/validator/v
alidator.js:81:12
    at dispatch 
(file:///C:/Users/henry/OneDrive/Documents/Repository/CustomerService/node_modules/[4mhono[24m/dist/compose.js:22:17)
    at file:///C:/Users/henry/OneDrive/Documents/Repository/CustomerService/node_modules/[4mhono[24m/dist/hono-base.j
s:301:25
    at C:/Users/henry/OneDrive/Documents/Repository/CustomerService/server/src/__tests__/auth.test.ts:102:17
    at file:///C:/Users/henry/OneDrive/Documents/Repository/CustomerService/node_modules/[4m@vitest/runner[24m/dist/i
ndex.js:1258:20 {
  length: [33m308[39m,
  severity: [32m'ERROR'[39m,
  code: [32m'23502'[39m,
  detail: [32m'Failing row contains (null, admin, 
5c8056f4d63762e5c1446b993590583f:9d41b82bafa44acc7d7db1b2e3dec20..., admin, 2026-04-12 02:16:25.335418+00, 
null).'[39m,
  hint: [90mundefined[39m,
  position: [90mundefined[39m,
  internalPosition: [90mundefined[39m,
  internalQuery: [90mundefined[39m,
  where: [90mundefined[39m,
  schema: [32m'public'[39m,
  table: [32m'staffs'[39m,
  column: [32m'id'[39m,
  dataType: [90mundefined[39m,
  constraint: [90mundefined[39m,
  file: [32m'execMain.c'[39m,
  line: [32m'2032'[39m,
  routine: [32m'ExecConstraints'[39m
}


[31mΓÄ»ΓÄ»ΓÄ»ΓÄ»ΓÄ»ΓÄ»ΓÄ»[39m[1m[41m Failed Tests 6 [49m[22m[31mΓÄ»ΓÄ»ΓÄ»ΓÄ»ΓÄ»ΓÄ»ΓÄ»[39m

[41m[1m FAIL [22m[49m src/__tests__/auth.test.ts[2m > [22mPOST /api/auth/login[2m > [22mreturns 200 with a JWT 
token for valid credentials
[31m[1mAssertionError[22m: expected 500 to be 200 // Object.is equality[39m

[32m- Expected[39m
[31m+ Received[39m

[32m- 200[39m
[31m+ 500[39m

[36m [2mΓ¥»[22m src/__tests__/auth.test.ts:[2m55:24[22m[39m
    [90m 53|[39m   it("returns 200 with a JWT token for valid credentials", async () =>ΓÇª
    [90m 54|[39m     [35mconst[39m res [33m=[39m [35mawait[39m [34mlogin[39m(app[33m,[39m 
[32m"admin"[39m[33m,[39m [32m"vcc2024"[39m)[33m;[39m
    [90m 55|[39m     [34mexpect[39m(res[33m.[39mstatus)[33m.[39m[34mtoBe[39m([34m200[39m)[33m;[39m
    [90m   |[39m                        [31m^[39m
    [90m 56|[39m
    [90m 57|[39m     [35mconst[39m body [33m=[39m [35mawait[39m res[33m.[39m[34mjson[39m()[33m;[39m

[31m[2mΓÄ»ΓÄ»ΓÄ»ΓÄ»ΓÄ»ΓÄ»ΓÄ»ΓÄ»ΓÄ»ΓÄ»ΓÄ»ΓÄ»ΓÄ»ΓÄ»ΓÄ»ΓÄ»ΓÄ»ΓÄ»ΓÄ»ΓÄ»ΓÄ»ΓÄ»ΓÄ»ΓÄ»[1/6]ΓÄ»[22m[39m

[41m[1m FAIL [22m[49m src/__tests__/auth.test.ts[2m > [22mPOST /api/auth/login[2m > [22mreturns the username 
and expiresIn in the response body
[31m[1mAssertionError[22m: expected undefined to be 'admin' // Object.is equality[39m

[32m- Expected:[39m
"admin"

[31m+ Received:[39m
undefined

[36m [2mΓ¥»[22m src/__tests__/auth.test.ts:[2m66:27[22m[39m
    [90m 64|[39m     [35mconst[39m res [33m=[39m [35mawait[39m [34mlogin[39m(app[33m,[39m 
[32m"admin"[39m[33m,[39m [32m"vcc2024"[39m)[33m;[39m
    [90m 65|[39m     [35mconst[39m body [33m=[39m [35mawait[39m res[33m.[39m[34mjson[39m()[33m;[39m
    [90m 66|[39m     [34mexpect[39m(body[33m.[39musername)[33m.[39m[34mtoBe[39m([32m"admin"[39m)[33m;[39m
    [90m   |[39m                           [31m^[39m
    [90m 67|[39m     [34mexpect[39m([35mtypeof[39m 
body[33m.[39mexpiresIn)[33m.[39m[34mtoBe[39m([32m"number"[39m)[33m;[39m
    [90m 68|[39m     
[34mexpect[39m(body[33m.[39mexpiresIn)[33m.[39m[34mtoBeGreaterThan[39m([34m0[39m)[33m;[39m

[31m[2mΓÄ»ΓÄ»ΓÄ»ΓÄ»ΓÄ»ΓÄ»ΓÄ»ΓÄ»ΓÄ»ΓÄ»ΓÄ»ΓÄ»ΓÄ»ΓÄ»ΓÄ»ΓÄ»ΓÄ»ΓÄ»ΓÄ»ΓÄ»ΓÄ»ΓÄ»ΓÄ»ΓÄ»[2/6]ΓÄ»[22m[39m

[41m[1m FAIL [22m[49m src/__tests__/auth.test.ts[2m > [22mPOST /api/auth/login[2m > [22mJWT payload includes 
sub, role and exp claims
[31m[1mTypeError[22m: Cannot read properties of undefined (reading 'split')[39m
[36m [2mΓ¥»[22m decodeJwtPayload src/__tests__/auth.test.ts:[2m37:24[22m[39m
    [90m 35|[39m /** Decode the JWT payload (base64url) without verifying the signatureΓÇª
    [90m 36|[39m [35mfunction[39m [34mdecodeJwtPayload[39m(token[33m:[39m string)[33m:[39m 
[33mRecord[39m[33m<[39mstring[33m,[39m unknown[33m>[39m {
    [90m 37|[39m   const base64 = token.split(".")[1].replace(/-/g, "+").replace(/_/g, ΓÇª
    [90m   |[39m                        [31m^[39m
    [90m 38|[39m   [35mreturn[39m 
[33mJSON[39m[33m.[39m[34mparse[39m([33mBuffer[39m[33m.[39m[35mfrom[39m(base64[33m,[39m 
[32m"base64"[39m)[33m.[39m[34mtoString[39m([32m"utf-8"[39m))[33m;[39m
    [90m 39|[39m }
[90m [2mΓ¥»[22m src/__tests__/auth.test.ts:[2m74:21[22m[39m

[31m[2mΓÄ»ΓÄ»ΓÄ»ΓÄ»ΓÄ»ΓÄ»ΓÄ»ΓÄ»ΓÄ»ΓÄ»ΓÄ»ΓÄ»ΓÄ»ΓÄ»ΓÄ»ΓÄ»ΓÄ»ΓÄ»ΓÄ»ΓÄ»ΓÄ»ΓÄ»ΓÄ»ΓÄ»[3/6]ΓÄ»[22m[39m

[41m[1m FAIL [22m[49m src/__tests__/auth.test.ts[2m > [22mPOST /api/auth/login[2m > [22mJWT exp is set roughly 
8 hours in the future
[31m[1mTypeError[22m: Cannot read properties of undefined (reading 'split')[39m
[36m [2mΓ¥»[22m decodeJwtPayload src/__tests__/auth.test.ts:[2m37:24[22m[39m
    [90m 35|[39m /** Decode the JWT payload (base64url) without verifying the signatureΓÇª
    [90m 36|[39m [35mfunction[39m [34mdecodeJwtPayload[39m(token[33m:[39m string)[33m:[39m 
[33mRecord[39m[33m<[39mstring[33m,[39m unknown[33m>[39m {
    [90m 37|[39m   const base64 = token.split(".")[1].replace(/-/g, "+").replace(/_/g, ΓÇª
    [90m   |[39m                        [31m^[39m
    [90m 38|[39m   [35mreturn[39m 
[33mJSON[39m[33m.[39m[34mparse[39m([33mBuffer[39m[33m.[39m[35mfrom[39m(base64[33m,[39m 
[32m"base64"[39m)[33m.[39m[34mtoString[39m([32m"utf-8"[39m))[33m;[39m
    [90m 39|[39m }
[90m [2mΓ¥»[22m src/__tests__/auth.test.ts:[2m84:21[22m[39m

[31m[2mΓÄ»ΓÄ»ΓÄ»ΓÄ»ΓÄ»ΓÄ»ΓÄ»ΓÄ»ΓÄ»ΓÄ»ΓÄ»ΓÄ»ΓÄ»ΓÄ»ΓÄ»ΓÄ»ΓÄ»ΓÄ»ΓÄ»ΓÄ»ΓÄ»ΓÄ»ΓÄ»ΓÄ»[4/6]ΓÄ»[22m[39m

[41m[1m FAIL [22m[49m src/__tests__/auth.test.ts[2m > [22mPOST /api/auth/login[2m > [22mreturns 401 for a 
wrong password
[31m[1mAssertionError[22m: expected 500 to be 401 // Object.is equality[39m

[32m- Expected[39m
[31m+ Received[39m

[32m- 401[39m
[31m+ 500[39m

[36m [2mΓ¥»[22m src/__tests__/auth.test.ts:[2m95:24[22m[39m
    [90m 93|[39m   [34mit[39m([32m"returns 401 for a wrong password"[39m[33m,[39m [35masync[39m () 
[33m=>[39m {
    [90m 94|[39m     [35mconst[39m res [33m=[39m [35mawait[39m [34mlogin[39m(app[33m,[39m 
[32m"admin"[39m[33m,[39m [32m"wrong-password"[39m)[33m;[39m
    [90m 95|[39m     [34mexpect[39m(res[33m.[39mstatus)[33m.[39m[34mtoBe[39m([34m401[39m)[33m;[39m
    [90m   |[39m                        [31m^[39m
    [90m 96|[39m
    [90m 97|[39m     [35mconst[39m body [33m=[39m [35mawait[39m res[33m.[39m[34mjson[39m()[33m;[39m

[31m[2mΓÄ»ΓÄ»ΓÄ»ΓÄ»ΓÄ»ΓÄ»ΓÄ»ΓÄ»ΓÄ»ΓÄ»ΓÄ»ΓÄ»ΓÄ»ΓÄ»ΓÄ»ΓÄ»ΓÄ»ΓÄ»ΓÄ»ΓÄ»ΓÄ»ΓÄ»ΓÄ»ΓÄ»[5/6]ΓÄ»[22m[39m

[41m[1m FAIL [22m[49m src/__tests__/auth.test.ts[2m > [22mPOST /api/auth/login[2m > [22mreturns 401 for a 
wrong username
[31m[1mAssertionError[22m: expected 500 to be 401 // Object.is equality[39m

[32m- Expected[39m
[31m+ Received[39m

[32m- 401[39m
[31m+ 500[39m

[36m [2mΓ¥»[22m src/__tests__/auth.test.ts:[2m103:24[22m[39m
    [90m101|[39m   [34mit[39m([32m"returns 401 for a wrong username"[39m[33m,[39m [35masync[39m () 
[33m=>[39m {
    [90m102|[39m     [35mconst[39m res [33m=[39m [35mawait[39m [34mlogin[39m(app[33m,[39m 
[32m"not-admin"[39m[33m,[39m [32m"vcc2024"[39m)[33m;[39m
    [90m103|[39m     [34mexpect[39m(res[33m.[39mstatus)[33m.[39m[34mtoBe[39m([34m401[39m)[33m;[39m
    [90m   |[39m                        [31m^[39m
    [90m104|[39m   })[33m;[39m
    [90m105|[39m

[31m[2mΓÄ»ΓÄ»ΓÄ»ΓÄ»ΓÄ»ΓÄ»ΓÄ»ΓÄ»ΓÄ»ΓÄ»ΓÄ»ΓÄ»ΓÄ»ΓÄ»ΓÄ»ΓÄ»ΓÄ»ΓÄ»ΓÄ»ΓÄ»ΓÄ»ΓÄ»ΓÄ»ΓÄ»[6/6]ΓÄ»[22m[39m

 [31mΓ¥»[39m src/__tests__/auth.test.ts [2m([22m[2m8 tests[22m[2m | [22m[31m6 failed[39m[2m)[22m[33m 3152[2mms[22m[39m
[31m     [31m├ù[31m returns 200 with a JWT token for valid credentials[39m[33m 594[2mms[22m[39m
[31m     [31m├ù[31m returns the username and expiresIn in the response body[39m[33m 506[2mms[22m[39m
[31m     [31m├ù[31m JWT payload includes sub, role and exp claims[39m[33m 484[2mms[22m[39m
[31m     [31m├ù[31m JWT exp is set roughly 8 hours in the future[39m[33m 480[2mms[22m[39m
[31m     [31m├ù[31m returns 401 for a wrong password[39m[33m 504[2mms[22m[39m
[31m     [31m├ù[31m returns 401 for a wrong username[39m[33m 564[2mms[22m[39m
     [32mΓ£ô[39m returns 400 when the request body is missing required fields[32m 6[2mms[22m[39m
     [32mΓ£ô[39m returns 400 when the request body is not valid JSON[32m 6[2mms[22m[39m

[2m Test Files [22m [1m[31m1 failed[39m[22m[90m (1)[39m
[2m      Tests [22m [1m[31m6 failed[39m[22m[2m | [22m[1m[32m2 passed[39m[22m[90m (8)[39m
[2m   Start at [22m 21:16:16
[2m   Duration [22m 6.14s[2m (transform 234ms, setup 0ms, import 2.07s, tests 3.15s, environment 0ms)[22m

npm error Lifecycle script `test` failed with error:
npm error code 1
npm error path C:\Users\henry\OneDrive\Documents\Repository\CustomerService\server
npm error workspace @vcc/server@1.0.0
npm error location C:\Users\henry\OneDrive\Documents\Repository\CustomerService\server
npm error command failed
npm error command C:\WINDOWS\system32\cmd.exe /d /s /c vitest run auth.test.ts
